Godot Engine v4.7.1.stable.official.a13da4feb - https://godotengine.org

[DF][MODULE_02] GameState ready
[DF][MODULE_03] ContentDB ready
[DF][MODULE_05] Progression ready
[DF][MODULE_13] GameDay ready
[DF][MODULE_06] RivalEncounters ready
[DF][MODULE_07D] RivalCompetitionRunner ready
[DF][MODULE_08] GirlDiscovery ready
[DF][MODULE_09] DatingCore ready
[DF][MODULE_10] Relationships ready
[DF][MODULE_11] Story ready
[DF][MODULE_12] World ready
[DF][MODULE_13] SalaryMine ready
[DF][MODULE_15] Media ready
[DF][MODULE_16] DatingOverload ready
[DF][MODULE_17] FirstClone ready
[DF][MODULE_18] CloneIncremental ready
[DF][MODULE_20] LateGameExpansion ready
[DF][MODULE_24] SaveSystem ready
[SteamBridge] headless: Steam init skipped (unavailable)
DATE FACTORY
version=1.0.0
save_schema=1
Godot=4.7.1-stable (official)
OS=Windows
renderer=forward_plus
Steam=unavailable
MODULE_12_TEST FAIL: 118/119 validate city_hub (empty NpcSpawnPoint.spawn_id at ,empty NpcSpawnPoint.spawn_id at ,empty NpcSpawnPoint.spawn_id at ,empty NpcSpawnPoint.spawn_id at ,empty NpcSpawnPoint.spawn_id at ,empty NpcSpawnPoint.spawn_id at )
MODULE_12_TEST FAIL: 118/119 validate cafe (empty NpcSpawnPoint.spawn_id at ,empty NpcSpawnPoint.spawn_id at ,empty NpcSpawnPoint.spawn_id at ,empty NpcSpawnPoint.spawn_id at ,empty NpcSpawnPoint.spawn_id at ,empty NpcSpawnPoint.spawn_id at ,empty NpcSpawnPoint.spawn_id at )
[DF][MODULE_01] Player ready
MODULE_12_TEST FAIL: 141 npc marker
MODULE_12_TEST: FAIL passed=123 failed=3
ERROR: 23 RID allocations of type 'N13RendererDummy15MaterialStorage13DummyMaterialE' were leaked at exit.
ERROR: 3 RID allocations of type 'N13RendererDummy15MaterialStorage11DummyShaderE' were leaked at exit.
ERROR: 28 RID allocations of type 'N13RendererDummy9DummyMeshE' were leaked at exit.
ERROR: 17 RID allocations of type 'PN13RendererDummy14TextureStorage12DummyTextureE' were leaked at exit.
ERROR: 59 RID allocations of type 'N17RendererSceneCull8InstanceE' were leaked at exit.
ERROR: Cannot get path of node as it is not in a scene tree.
   at: get_path (scene/main/node.cpp:2431)
   GDScript backtrace (most recent call first):
       [0] _collect_markers (res://world/world_location.gd:42)
       [1] _collect_markers (res://world/world_location.gd:56)
       [2] _collect_markers (res://world/world_location.gd:56)
       [3] _rebuild_marker_index (res://world/world_location.gd:27)
       [4] validate_markers (res://world/world_location.gd:78)
       [5] validate_location_scene (res://world/world.gd:609)
       [6] _test_contentdb_paths (res://world/test/world_location_self_test.gd:132)
       [7] _settle (res://world/test/world_location_self_test.gd:72)
ERROR: Cannot get path of node as it is not in a scene tree.
   at: get_path (scene/main/node.cpp:2431)
   GDScript backtrace (most recent call first):
       [0] _collect_markers (res://world/world_location.gd:42)
       [1] _collect_markers (res://world/world_location.gd:56)
       [2] _collect_markers (res://world/world_location.gd:56)
       [3] _rebuild_marker_index (res://world/world_location.gd:27)
       [4] validate_markers (res://world/world_location.gd:78)
       [5] validate_location_scene (res://world/world.gd:609)
       [6] _test_contentdb_paths (res://world/test/world_location_self_test.gd:132)
       [7] _settle (res://world/test/world_location_self_test.gd:72)
ERROR: Cannot get path of node as it is not in a scene tree.
   at: get_path (scene/main/node.cpp:2431)
   GDScript backtrace (most recent call first):
       [0] _collect_markers (res://world/world_location.gd:42)
       [1] _collect_markers (res://world/world_location.gd:56)
       [2] _collect_markers (res://world/world_location.gd:56)
       [3] _rebuild_marker_index (res://world/world_location.gd:27)
       [4] validate_markers (res://world/world_location.gd:78)
       [5] validate_location_scene (res://world/world.gd:609)
       [6] _test_contentdb_paths (res://world/test/world_location_self_test.gd:132)
       [7] _settle (res://world/test/world_location_self_test.gd:72)
ERROR: Cannot get path of node as it is not in a scene tree.
   at: get_path (scene/main/node.cpp:2431)
   GDScript backtrace (most recent call first):
       [0] _collect_markers (res://world/world_location.gd:42)
       [1] _collect_markers (res://world/world_location.gd:56)
       [2] _collect_markers (res://world/world_location.gd:56)
       [3] _rebuild_marker_index (res://world/world_location.gd:27)
       [4] validate_markers (res://world/world_location.gd:78)
       [5] validate_location_scene (res://world/world.gd:609)
       [6] _test_contentdb_paths (res://world/test/world_location_self_test.gd:132)
       [7] _settle (res://world/test/world_location_self_test.gd:72)
ERROR: Cannot get path of node as it is not in a scene tree.
   at: get_path (scene/main/node.cpp:2431)
   GDScript backtrace (most recent call first):
       [0] _collect_markers (res://world/world_location.gd:42)
       [1] _collect_markers (res://world/world_location.gd:56)
       [2] _collect_markers (res://world/world_location.gd:56)
       [3] _rebuild_marker_index (res://world/world_location.gd:27)
       [4] validate_markers (res://world/world_location.gd:78)
       [5] validate_location_scene (res://world/world.gd:609)
       [6] _test_contentdb_paths (res://world/test/world_location_self_test.gd:132)
       [7] _settle (res://world/test/world_location_self_test.gd:72)
ERROR: Cannot get path of node as it is not in a scene tree.
   at: get_path (scene/main/node.cpp:2431)
   GDScript backtrace (most recent call first):
       [0] _collect_markers (res://world/world_location.gd:42)
       [1] _collect_markers (res://world/world_location.gd:56)
       [2] _collect_markers (res://world/world_location.gd:56)
       [3] _rebuild_marker_index (res://world/world_location.gd:27)
       [4] validate_markers (res://world/world_location.gd:78)
       [5] validate_location_scene (res://world/world.gd:609)
       [6] _test_contentdb_paths (res://world/test/world_location_self_test.gd:132)
       [7] _settle (res://world/test/world_location_self_test.gd:72)
ERROR: [MODULE_12_TEST] FAIL: 118/119 validate city_hub (empty NpcSpawnPoint.spawn_id at ,empty NpcSpawnPoint.spawn_id at ,empty NpcSpawnPoint.spawn_id at ,empty NpcSpawnPoint.spawn_id at ,empty NpcSpawnPoint.spawn_id at ,empty NpcSpawnPoint.spawn_id at )
   at: push_error (core/variant/variant_utility.cpp:1023)
   GDScript backtrace (most recent call first):
       [0] _ok (res://world/test/world_location_self_test.gd:49)
       [1] _test_contentdb_paths (res://world/test/world_location_self_test.gd:135)
       [2] _settle (res://world/test/world_location_self_test.gd:72)
ERROR: Cannot get path of node as it is not in a scene tree.
   at: get_path (scene/main/node.cpp:2431)
   GDScript backtrace (most recent call first):
       [0] _collect_markers (res://world/world_location.gd:42)
       [1] _collect_markers (res://world/world_location.gd:56)
       [2] _collect_markers (res://world/world_location.gd:56)
       [3] _rebuild_marker_index (res://world/world_location.gd:27)
       [4] validate_markers (res://world/world_location.gd:78)
       [5] validate_location_scene (res://world/world.gd:609)
       [6] _test_contentdb_paths (res://world/test/world_location_self_test.gd:132)
       [7] _settle (res://world/test/world_location_self_test.gd:72)
ERROR: Cannot get path of node as it is not in a scene tree.
   at: get_path (scene/main/node.cpp:2431)
   GDScript backtrace (most recent call first):
       [0] _collect_markers (res://world/world_location.gd:42)
       [1] _collect_markers (res://world/world_location.gd:56)
       [2] _collect_markers (res://world/world_location.gd:56)
       [3] _rebuild_marker_index (res://world/world_location.gd:27)
       [4] validate_markers (res://world/world_location.gd:78)
       [5] validate_location_scene (res://world/world.gd:609)
       [6] _test_contentdb_paths (res://world/test/world_location_self_test.gd:132)
       [7] _settle (res://world/test/world_location_self_test.gd:72)
ERROR: Cannot get path of node as it is not in a scene tree.
   at: get_path (scene/main/node.cpp:2431)
   GDScript backtrace (most recent call first):
       [0] _collect_markers (res://world/world_location.gd:42)
       [1] _collect_markers (res://world/world_location.gd:56)
       [2] _collect_markers (res://world/world_location.gd:56)
       [3] _rebuild_marker_index (res://world/world_location.gd:27)
       [4] validate_markers (res://world/world_location.gd:78)
       [5] validate_location_scene (res://world/world.gd:609)
       [6] _test_contentdb_paths (res://world/test/world_location_self_test.gd:132)
       [7] _settle (res://world/test/world_location_self_test.gd:72)
ERROR: Cannot get path of node as it is not in a scene tree.
   at: get_path (scene/main/node.cpp:2431)
   GDScript backtrace (most recent call first):
       [0] _collect_markers (res://world/world_location.gd:42)
       [1] _collect_markers (res://world/world_location.gd:56)
       [2] _collect_markers (res://world/world_location.gd:56)
       [3] _rebuild_marker_index (res://world/world_location.gd:27)
       [4] validate_markers (res://world/world_location.gd:78)
       [5] validate_location_scene (res://world/world.gd:609)
       [6] _test_contentdb_paths (res://world/test/world_location_self_test.gd:132)
       [7] _settle (res://world/test/world_location_self_test.gd:72)
ERROR: Cannot get path of node as it is not in a scene tree.
   at: get_path (scene/main/node.cpp:2431)
   GDScript backtrace (most recent call first):
       [0] _collect_markers (res://world/world_location.gd:42)
       [1] _collect_markers (res://world/world_location.gd:56)
       [2] _collect_markers (res://world/world_location.gd:56)
       [3] _rebuild_marker_index (res://world/world_location.gd:27)
       [4] validate_markers (res://world/world_location.gd:78)
       [5] validate_location_scene (res://world/world.gd:609)
       [6] _test_contentdb_paths (res://world/test/world_location_self_test.gd:132)
       [7] _settle (res://world/test/world_location_self_test.gd:72)
ERROR: Cannot get path of node as it is not in a scene tree.
   at: get_path (scene/main/node.cpp:2431)
   GDScript backtrace (most recent call first):
       [0] _collect_markers (res://world/world_location.gd:42)
       [1] _collect_markers (res://world/world_location.gd:56)
       [2] _collect_markers (res://world/world_location.gd:56)
       [3] _rebuild_marker_index (res://world/world_location.gd:27)
       [4] validate_markers (res://world/world_location.gd:78)
       [5] validate_location_scene (res://world/world.gd:609)
       [6] _test_contentdb_paths (res://world/test/world_location_self_test.gd:132)
       [7] _settle (res://world/test/world_location_self_test.gd:72)
ERROR: Cannot get path of node as it is not in a scene tree.
   at: get_path (scene/main/node.cpp:2431)
   GDScript backtrace (most recent call first):
       [0] _collect_markers (res://world/world_location.gd:42)
       [1] _collect_markers (res://world/world_location.gd:56)
       [2] _collect_markers (res://world/world_location.gd:56)
       [3] _rebuild_marker_index (res://world/world_location.gd:27)
       [4] validate_markers (res://world/world_location.gd:78)
       [5] validate_location_scene (res://world/world.gd:609)
       [6] _test_contentdb_paths (res://world/test/world_location_self_test.gd:132)
       [7] _settle (res://world/test/world_location_self_test.gd:72)
ERROR: [MODULE_12_TEST] FAIL: 118/119 validate cafe (empty NpcSpawnPoint.spawn_id at ,empty NpcSpawnPoint.spawn_id at ,empty NpcSpawnPoint.spawn_id at ,empty NpcSpawnPoint.spawn_id at ,empty NpcSpawnPoint.spawn_id at ,empty NpcSpawnPoint.spawn_id at ,empty NpcSpawnPoint.spawn_id at )
   at: push_error (core/variant/variant_utility.cpp:1023)
   GDScript backtrace (most recent call first):
       [0] _ok (res://world/test/world_location_self_test.gd:49)
       [1] _test_contentdb_paths (res://world/test/world_location_self_test.gd:135)
       [2] _settle (res://world/test/world_location_self_test.gd:72)
WARNING: [World] spawn spawn_does_not_exist missing; fallback spawn_default
   at: push_warning (core/variant/variant_utility.cpp:1033)
   GDScript backtrace (most recent call first):
       [0] _travel_impl (res://world/world.gd:407)
       [1] request_travel (res://world/world.gd:356)
       [2] _travel (res://world/test/world_location_self_test.gd:68)
       [3] _travel_settled (res://world/test/world_location_self_test.gd:76)
       [4] _test_scene_spawn_errors (res://world/test/world_location_self_test.gd:300)
       [5] _settle (res://world/test/world_location_self_test.gd:72)
ERROR: [MODULE_12_TEST] FAIL: 141 npc marker
   at: push_error (core/variant/variant_utility.cpp:1023)
   GDScript backtrace (most recent call first):
       [0] _ok (res://world/test/world_location_self_test.gd:49)
       [1] _test_markers_and_npc (res://world/test/world_location_self_test.gd:316)
       [2] _travel_settled (res://world/test/world_location_self_test.gd:78)
       [3] _settle (res://world/test/world_location_self_test.gd:72)
ERROR: [DF][MODULE_12_TEST] FAIL passed=123 failed=3
   at: push_error (core/variant/variant_utility.cpp:1023)
   GDScript backtrace (most recent call first):
       [0] error (res://core/df_log.gd:19)
       [1] _ready (res://world/test/world_location_self_test.gd:38)
       [2] _run_all (res://world/test/world_location_self_test.gd:119)
       [3] _test_no_mutations (res://world/test/world_location_self_test.gd:386)
       [4] _travel_settled (res://world/test/world_location_self_test.gd:78)
       [5] _settle (res://world/test/world_location_self_test.gd:72)
ERROR: Pages in use exist at exit in PagedAllocator: N20RasterizerSceneDummy21GeometryInstanceDummyE
   at: ~PagedAllocator (./core/templates/paged_allocator.h:170)
WARNING: Leaked instance dependency: Bug - did not call instance_notify_deleted when freeing.
   at: ~Dependency (servers/rendering/storage/utilities.cpp:56)
WARNING: Leaked instance dependency: Bug - did not call instance_notify_deleted when freeing.
   at: ~Dependency (servers/rendering/storage/utilities.cpp:56)
WARNING: Leaked instance dependency: Bug - did not call instance_notify_deleted when freeing.
   at: ~Dependency (servers/rendering/storage/utilities.cpp:56)
WARNING: Leaked instance dependency: Bug - did not call instance_notify_deleted when freeing.
   at: ~Dependency (servers/rendering/storage/utilities.cpp:56)
WARNING: Leaked instance dependency: Bug - did not call instance_notify_deleted when freeing.
   at: ~Dependency (servers/rendering/storage/utilities.cpp:56)
WARNING: Leaked instance dependency: Bug - did not call instance_notify_deleted when freeing.
   at: ~Dependency (servers/rendering/storage/utilities.cpp:56)
WARNING: Leaked instance dependency: Bug - did not call instance_notify_deleted when freeing.
   at: ~Dependency (servers/rendering/storage/utilities.cpp:56)
WARNING: Leaked instance dependency: Bug - did not call instance_notify_deleted when freeing.
   at: ~Dependency (servers/rendering/storage/utilities.cpp:56)
WARNING: Leaked instance dependency: Bug - did not call instance_notify_deleted when freeing.
   at: ~Dependency (servers/rendering/storage/utilities.cpp:56)
WARNING: Leaked instance dependency: Bug - did not call instance_notify_deleted when freeing.
   at: ~Dependency (servers/rendering/storage/utilities.cpp:56)
WARNING: Leaked instance dependency: Bug - did not call instance_notify_deleted when freeing.
   at: ~Dependency (servers/rendering/storage/utilities.cpp:56)
WARNING: Leaked instance dependency: Bug - did not call instance_notify_deleted when freeing.
   at: ~Dependency (servers/rendering/storage/utilities.cpp:56)
WARNING: Leaked instance dependency: Bug - did not call instance_notify_deleted when freeing.
   at: ~Dependency (servers/rendering/storage/utilities.cpp:56)
WARNING: Leaked instance dependency: Bug - did not call instance_notify_deleted when freeing.
   at: ~Dependency (servers/rendering/storage/utilities.cpp:56)
WARNING: 152 ObjectDB instances were leaked at exit (run with `--verbose` for details).
   at: cleanup (core/object/object.cpp:2536)
ERROR: 72 resources still in use at exit (run with --verbose for details).
   at: clear (core/io/resource.cpp:822)
