CAPTURE START
SHOT 01_apartment_spawn.png err=0 note=apartment spawn
INTERACT job
INTERACT buy_gift
INTERACT take_gift
INTERACT wardrobe
INTERACT prepare_and_start
PREP dating={ "neighbor": { "gift_id": "flower", "venue_id": "kitchen_table", "outfit_id": "cheap_formal", "extra": "" } }
SHOT 02_apartment_date_preparation.png err=0 note=prep table
INTERACT go_outside
SHOT 03_apartment_exit.png err=0 note=after outside teleport
SHOT 04_street_route.png err=0 note=street route
SHOT 05_restaurant_destination.png err=0 note=restaurant landmark
SHOT 06_restaurant_entrance.png err=0 note=restaurant entrance
INTERACT enter_restaurant
SHOT 07_date_table_empty.png err=0 note=date table early
SHOT 08_girl_enters.png err=0 note=girl enters
SHOT 09_girl_approaches.png err=0 note=girl approaches
SHOT 10_girl_sit_enter_side.png err=0 note=sit enter
GIRL pos=(0.0, 0.02, -1.15) alias=sit_idle seated=true
SHOT 11_girl_sit_idle.png err=0 note=sit idle
SHOT 12_date_ui_three_answers.png err=0 note=three answers
SHOT 13_positive_reaction.png err=0 note=positive
SHOT 14_negative_reaction.png err=0 note=negative
SHOT 15_trait_hypothesis.png err=0 note=hypothesis
SHOT 16_trait_confirmed.png err=0 note=confirmed
DATE already closed before 16_trait_confirmed.png
SHOT 17_date_result.png err=0 note=result
SHOT 18_girl_leaves.png err=0 note=girl leaves
SHOT 19_player_control_restored.png err=0 note=control restored
CAPTURE DONE shots=19 errors=0
QUEST completed=["s1_profile", "s1_money", "s1_prepare", "s1_outfit", "s1_city", "s1_date"]
PLAYER lock=false pos=(-19.49983, 0.24995, -3.534946)
