# cmd=C:\Users\User\Downloads\Godot_v4.7.1-stable_win64\Godot_v4.7.1-stable_win64_console.exe --path C:\Users\User\Documents\GodotProjects\date_factory --resolution 1920x1080 --windowed
# APPDATA=C:\Users\User\Documents\GodotProjects\date_factory\tmp\px_pass_01\userdata_D_final
# utc=2026-08-09T19:38:27Z
Godot Engine v4.7.1.stable.official.a13da4feb - https://godotengine.org
Vulkan 1.4.303 - Forward+ - Using Device #0: NVIDIA - NVIDIA GeForce RTX 4060 Laptop GPU

[DF][MODULE_02] GameState ready
[DF][MODULE_03] ContentDB ready
[DF][MODULE_05] Progression ready
[DF][MODULE_13] GameDay ready
[DF][MODULE_06] RivalEncounters ready
[DF][MODULE_07D] RivalCompetitionRunner ready
[DF][MODULE_08] GirlDiscovery ready
[DF][MODULE_09] DatingCore ready
[DF][MODULE_10] Relationships ready
[DF][MODULE_11] Story ready
[DF][MODULE_12] World ready
[DF][MODULE_13] SalaryMine ready
[DF][MODULE_15] Media ready
[DF][MODULE_16] DatingOverload ready
[DF][MODULE_17] FirstClone ready
[DF][MODULE_18] CloneIncremental ready
[DF][MODULE_20] LateGameExpansion ready
[DF][MODULE_24] SaveSystem ready
[SteamBridge] no AppID configured: Steam init skipped (unavailable)
DATE FACTORY
version=1.0.0
save_schema=1
Godot=4.7.1-stable (official)
OS=Windows
renderer=forward_plus
Steam=unavailable
[DF][MODULE_24] Boot -> title menu (World deferred)
[DF][MODULE_01] Player ready
